---1 GIT clone command---

kiddu@LAPTOP-S2P0GSPD MINGW64 ~/desktop/github
$ ls

kiddu@LAPTOP-S2P0GSPD MINGW64 ~/desktop/github
$ git clone https://github.com/ashishjain1547/public_lessons_in_python.git
Cloning into 'public_lessons_in_python'...
remote: Enumerating objects: 25, done.
remote: Counting objects: 100% (25/25), done.
remote: Compressing objects: 100% (21/21), done.
Receiving objects: 100% (25/25), 704.90 KiB | 1.81 MiB/s, done.

Resolving deltas: 100% (3/3), done.


--- 2 GIT pull command---(whenver we start dev work use this!!to download the changes from GIT hub repo)---

kiddu@LAPTOP-S2P0GSPD MINGW64 ~/Desktop/GitHub/public_lessons_in_python (main)
$ git pull
From https://github.com/ashishjain1547/public_lessons_in_python
 * [new branch]      dev        -> origin/dev
Already up to date.


----3 GIT switch to dev command---

kiddu@LAPTOP-S2P0GSPD MINGW64 ~/Desktop/GitHub/public_lessons_in_python (main)
$

kiddu@LAPTOP-S2P0GSPD MINGW64 ~/Desktop/GitHub/public_lessons_in_python (main)
$ git checkout dev
Switched to a new branch 'dev'
branch 'dev' set up to track 'origin/dev'.


----4 GIT check code status command---

kiddu@LAPTOP-S2P0GSPD MINGW64 ~/Desktop/GitHub/public_lessons_in_python (dev)
$ git status
On branch dev
Your branch is up to date with 'origin/dev'.

nothing to commit, working tree clean

----4.1 GIT check code status command(New file created and tracked)---

kiddu@LAPTOP-S2P0GSPD MINGW64 ~/Desktop/GitHub/public_lessons_in_python (dev)
$ git status
On branch dev
Your branch is up to date with 'origin/dev'.

Untracked files:
  (use "git add <file>..." to include in what will be committed)
        soniatest.txt

nothing added to commit but untracked files present (use "git add" to track)

kiddu@LAPTOP-S2P0GSPD MINGW64 ~/Desktop/GitHub/public_lessons_in_python (dev)
$

----4.2 GIT check code status command(changes to be committed)---

kiddu@LAPTOP-S2P0GSPD MINGW64 ~/Desktop/GitHub/public_lessons_in_python (dev)
$ git status
On branch dev
Your branch is up to date with 'origin/dev'.

Changes to be committed:
  (use "git restore --staged <file>..." to unstage)
        new file:   soniatest.txt

----4.3 GIT check changes to be pushed command(changes to be committed)---

kiddu@LAPTOP-S2P0GSPD MINGW64 ~/Desktop/GitHub/public_lessons_in_python (dev)
$ git status
On branch dev
Your branch is ahead of 'origin/dev' by 1 commit.
  (use "git push" to publish your local commits)

nothing to commit, working tree clean



---- 5 GIT add to start tracking a new file command---

kiddu@LAPTOP-S2P0GSPD MINGW64 ~/Desktop/GitHub/public_lessons_in_python (dev)
$ git add -A


---- 6 GIT commit changes to file command---

kiddu@LAPTOP-S2P0GSPD MINGW64 ~/Desktop/GitHub/public_lessons_in_python (dev)
$ git commit -m "trying to add content"
[dev 3bbf454] trying to add content
 1 file changed, 1 insertion(+)
 create mode 100644 soniatest.txt


---- 7 GIT push changes to dev branch command---

kiddu@LAPTOP-S2P0GSPD MINGW64 ~/Desktop/GitHub/public_lessons_in_python (dev)
$ git push
Enumerating objects: 4, done.
Counting objects: 100% (4/4), done.
Delta compression using up to 8 threads
Compressing objects: 100% (2/2), done.
Writing objects: 100% (3/3), 304 bytes | 304.00 KiB/s, done.
Total 3 (delta 1), reused 0 (delta 0), pack-reused 0
remote: Resolving deltas: 100% (1/1), completed with 1 local object.
To https://github.com/ashishjain1547/public_lessons_in_python.git
   051c9e0..3bbf454  dev -> dev



